Microchip MPLAB XC8 Compiler V2.05 ()

Linker command line:

-W-3 --edf=C:\Program Files (x86)\Microchip\xc8\v2.05\pic\dat\en_msgs.txt \
  -cs -h+dist/default/production\Abi.production.sym \
  --cmf=dist/default/production\Abi.production.cmf -z -Q18F4550 \
  -oC:\Users\admin\AppData\Local\Temp\sij0.2 --defsym=__MPLAB_BUILD=1 \
  -Mdist/default/production/Abi.production.map -E1 -ver=XC8 --acfsm=1493 \
  -ASTACK=0B2h-07FFh -pstack=STACK \
  -ACODE=02000h-02005h,02008h-02015h,02018h-07FFFh \
  -ACONST=02000h-02005h,02008h-02015h,02018h-07FFFh \
  -ASMALLCONST=02000h-02005h,02008h-02015h,02018h-020FFh,02100h-021FFhx95 \
  -AMEDIUMCONST=02000h-02005h,02008h-02015h,02018h-07FFFh -ACOMRAM=01h-05Fh \
  -AABS1=00h-07FFh -ABIGRAM=01h-07FFh -ARAM=060h-0FFh,0100h-01FFhx7 \
  -ABANK0=060h-0FFh -ABANK1=0100h-01FFh -ABANK2=0200h-02FFh \
  -ABANK3=0300h-03FFh -ABANK4=0400h-04FFh -ABANK5=0500h-05FFh \
  -ABANK6=0600h-06FFh -ABANK7=0700h-07FFh -ASFR=0F60h-0FFFh \
  -preset_vec=00h,intcode=08h,intcodelo,powerup,init -pramtop=0800h \
  -psmallconst=SMALLCONST -pmediumconst=MEDIUMCONST -pconst=CONST \
  -AFARRAM=00h-00h -ACONFIG=0300000h-030000Dh -pconfig=CONFIG \
  -AIDLOC=0200000h-0200007h -pidloc=IDLOC -AEEDATA=0F00000h-0F000FFh \
  -peeprom_data=EEDATA \
  -prdata=COMRAM,nvrram=COMRAM,nvbit=COMRAM,rbss=COMRAM,rbit=COMRAM \
  -pfarbss=FARRAM,fardata=FARRAM,nvFARRAM=FARRAM \
  -pintsave_regs=BIGRAM,bigbss=BIGRAM,bigdata=BIGRAM -pbss=RAM \
  -pidata=CODE,irdata=CODE,ibigdata=CODE,ifardata=CODE -prparam=COMRAM \
  C:\Users\admin\AppData\Local\Temp\sij0.o \
  dist/default/production\Abi.production.o 

Object code version is 3.11

Machine type is 18F4550

Call graph: (short form)




                Name                               Link     Load   Length Selector   Space Scale
C:\Users\admin\AppData\Local\Temp\sij0.o
                init                                  E        E        4        4       0
                reset_vec                             0        0        4        0       0
                idloc                            200000   200000        8   200000       0
                config                           300000   300000        E   300000       0
dist/default/production\Abi.production.o
                intcode                               8        8        6        4       0
                temp                                 5F       5F        1        1       1
                smallconst                         2018     2018       5C     100C       0
                text25                             6C3A     6C3A        E     361D       0
                text24                             6C56     6C56       12     362B       0
                text23                             6C24     6C24        A     3612       0
                intcode_body                       6D28     6D28       32     3694       0
                text21                             6C98     6C98       20     364C       0
                text20                             6C48     6C48        E     3624       0
                text19                             72DA     72DA      188     396D       0
                text18                             6CFC     6CFC       2C     367E       0
                text17                             6C7E     6C7E       1A     363F       0
                text16                             6CB8     6CB8       20     365C       0
                text15                             70CE     70CE       CC     3867       0
                text14                             6F68     6F68       AC     37B4       0
                text13                             79A2     79A2      30C     3CD1       0
                text12                             2008     2008        E     1004       0
                text11                             6D5A     6D5A       3A     36AD       0
                text10                             6E6C     6E6C       58     3736       0
                text9                              7462     7462      288     3A31       0
                text8                              7CAE     7CAE      352     3E57       0
                text7                              7014     7014       BA     380A       0
                text6                              719A     719A      140     38CD       0
                text5                              6DD0     6DD0       46     36E8       0
                text4                              6EC4     6EC4       A4     3762       0
                text3                              6D94     6D94       3C     36CA       0
                text2                              76EA     76EA      2B8     3B75       0
                text1                              6C68     6C68       16     3634       0
                text0                              6CD8     6CD8       24     366C       0
                cstackCOMRAM                          1        1       5A        1       1
                dataBANK0                            A4       A4        C       60       1
                bssBANK0                             60       60       44       60       1
                dataCOMRAM                           5D       5D        2        1       1
                bssCOMRAM                            5B       5B        2        1       1
                cinit                              6E16     6E16       56     370B       0
                nvBANK0                              B0       B0        2       60       1
                idataBANK0                         6C2E     6C2E        C     6C2E       0
                idataCOMRAM                        2000     2000        2     2000       0

TOTAL           Name                               Link     Load   Length     Space
        CLASS   STACK          

        CLASS   CODE           
                intcode                               8        8        6         0
                init                                  E        E        4         0
                reset_vec                             0        0        4         0
                text25                             6C3A     6C3A        E         0
                text24                             6C56     6C56       12         0
                text23                             6C24     6C24        A         0
                intcode_body                       6D28     6D28       32         0
                text21                             6C98     6C98       20         0
                text20                             6C48     6C48        E         0
                text19                             72DA     72DA      188         0
                text18                             6CFC     6CFC       2C         0
                text17                             6C7E     6C7E       1A         0
                text16                             6CB8     6CB8       20         0
                text15                             70CE     70CE       CC         0
                text14                             6F68     6F68       AC         0
                text13                             79A2     79A2      30C         0
                text12                             2008     2008        E         0
                text11                             6D5A     6D5A       3A         0
                text10                             6E6C     6E6C       58         0
                text9                              7462     7462      288         0
                text8                              7CAE     7CAE      352         0
                text7                              7014     7014       BA         0
                text6                              719A     719A      140         0
                text5                              6DD0     6DD0       46         0
                text4                              6EC4     6EC4       A4         0
                text3                              6D94     6D94       3C         0
                text2                              76EA     76EA      2B8         0
                text1                              6C68     6C68       16         0
                text0                              6CD8     6CD8       24         0
                cinit                              6E16     6E16       56         0
                idataBANK0                         6C2E     6C2E        C         0
                idataCOMRAM                        2000     2000        2         0

        CLASS   CONST          

        CLASS   SMALLCONST     
                smallconst                         2018     2018       5C         0

        CLASS   MEDIUMCONST    

        CLASS   COMRAM         
                temp                                 5F       5F        1         1
                cstackCOMRAM                          1        1       5A         1
                dataCOMRAM                           5D       5D        2         1
                bssCOMRAM                            5B       5B        2         1

        CLASS   ABS1           

        CLASS   BIGRAM         

        CLASS   RAM            

        CLASS   BANK0          
                dataBANK0                            A4       A4        C         1
                bssBANK0                             60       60       44         1
                nvBANK0                              B0       B0        2         1

        CLASS   BANK1          

        CLASS   BANK2          

        CLASS   BANK3          

        CLASS   BANK4          

        CLASS   BANK5          

        CLASS   BANK6          

        CLASS   BANK7          

        CLASS   SFR            

        CLASS   FARRAM         

        CLASS   CONFIG         
                config                           300000   300000        E         0

        CLASS   IDLOC          
                idloc                            200000   200000        8         0

        CLASS   EEDATA         



SEGMENTS        Name                           Load    Length   Top    Selector   Space  Class

                reset_vec                      000000  000004  000004         0       0  CODE    
                cstackCOMRAM                   000001  00005F  000060         1       1  COMRAM  
                intcode                        000008  00000A  000012         4       0  CODE    
                bssBANK0                       000060  000052  0000B2        60       1  BANK0   
                idataCOMRAM                    002000  000002  002002      2000       0  CODE    
                text12                         002008  00000E  002016      1004       0  CODE    
                smallconst                     002018  00005C  002074      100C       0  SMALLCON
                text23                         006C24  00000A  006C2E      3612       0  CODE    
                idataBANK0                     006C2E  00000C  006C3A      6C2E       0  CODE    
                text25                         006C3A  00000E  006C48      361D       0  CODE    
                text20                         006C48  00000E  006C56      3624       0  CODE    
                text24                         006C56  000012  006C68      362B       0  CODE    
                text1                          006C68  000016  006C7E      3634       0  CODE    
                text17                         006C7E  00001A  006C98      363F       0  CODE    
                text21                         006C98  000020  006CB8      364C       0  CODE    
                text16                         006CB8  000020  006CD8      365C       0  CODE    
                text0                          006CD8  000024  006CFC      366C       0  CODE    
                text18                         006CFC  00002C  006D28      367E       0  CODE    
                intcode_body                   006D28  000032  006D5A      3694       0  CODE    
                text11                         006D5A  00003A  006D94      36AD       0  CODE    
                text3                          006D94  00003C  006DD0      36CA       0  CODE    
                text5                          006DD0  000046  006E16      36E8       0  CODE    
                cinit                          006E16  000056  006E6C      370B       0  CODE    
                text10                         006E6C  000058  006EC4      3736       0  CODE    
                text4                          006EC4  0000A4  006F68      3762       0  CODE    
                text14                         006F68  0000AC  007014      37B4       0  CODE    
                text7                          007014  0000BA  0070CE      380A       0  CODE    
                text15                         0070CE  0000CC  00719A      3867       0  CODE    
                text6                          00719A  000140  0072DA      38CD       0  CODE    
                text19                         0072DA  000188  007462      396D       0  CODE    
                text9                          007462  000288  0076EA      3A31       0  CODE    
                text2                          0076EA  0002B8  0079A2      3B75       0  CODE    
                text13                         0079A2  00030C  007CAE      3CD1       0  CODE    
                text8                          007CAE  000352  008000      3E57       0  CODE    
                idloc                          200000  000008  200008    200000       0  IDLOC   
                config                         300000  00000E  30000E    300000       0  CONFIG  


UNUSED ADDRESS RANGES

        Name                Unused          Largest block    Delta
        BANK0            0000B2-0000FF               4E
        BANK1            000100-0001FF              100
        BANK2            000200-0002FF              100
        BANK3            000300-0003FF              100
        BANK4            000400-0004FF              100
        BANK5            000500-0005FF              100
        BANK6            000600-0006FF              100
        BANK7            000700-0007FF              100
        BIGRAM           0000B2-0007FF              74E
        CODE             002002-002005                4
                         002074-006C23             4BB0
        CONST            002002-002005                4
                         002074-006C23             4BB0
        EEDATA           F00000-F000FF              100
        MEDIUMCONST      002002-002005                4
                         002074-006C23             4BB0
        RAM              0000B2-0007FF              100
        SFR              000F60-000FFF               A0
        SMALLCONST       002002-002005                4
                         002074-006C23              100
        STACK            0000B2-0007FF              74E

                                  Symbol Table

?___aldiv                        cstackCOMRAM 000041
?___almod                        cstackCOMRAM 000037
?___fladd                        cstackCOMRAM 000001
?___fldiv                        cstackCOMRAM 00001A
?___flmul                        cstackCOMRAM 000001
?___fltol                        cstackCOMRAM 000011
?___xxtofl                       cstackCOMRAM 000007
?_obtener_ADC10                  cstackCOMRAM 000001
?_readADC                        cstackCOMRAM 000033
Botones13@Estado_BOT             bssBANK0     0000A1
LCD_init@i                       cstackCOMRAM 000003
LCD_init@i_395                   cstackCOMRAM 000007
LCD_init@i_396                   cstackCOMRAM 00000B
LCD_init@i_397                   cstackCOMRAM 00000F
LCD_init@i_398                   cstackCOMRAM 000013
LCD_init@i_399                   cstackCOMRAM 000017
Leds13@i                         dataBANK0    0000AF
Send4Disp@Nro_Disp               dataBANK0    0000AE
_ADCON0bits                      (abs)        000FC2
_ADCON1                          (abs)        000FC1
_ADCON2                          (abs)        000FC0
_ADRESH                          (abs)        000FC4
_ADRESL                          (abs)        000FC3
_BAUDCONbits                     (abs)        000FB8
_CCP1CONbits                     (abs)        000FBD
_CCPR1L                          (abs)        000FBE
_CMCON                           (abs)        000FB4
_EEADR                           (abs)        000FA9
_EECON1bits                      (abs)        000FA6
_EECON2                          (abs)        000FA7
_EEDATA                          (abs)        000FA8
_EstadoDeLosBotones              bssCOMRAM    00005C
_INT0IE                          (abs)        007F94
_INT0IF                          (abs)        007F91
_INT1IE                          (abs)        007F83
_INT1IF                          (abs)        007F80
_INTCON2bits                     (abs)        000FF1
_INTCON3bits                     (abs)        000FF0
_INTCONbits                      (abs)        000FF2
_LATA                            (abs)        000F89
_LATAbits                        (abs)        000F89
_LATB                            (abs)        000F8A
_LATC                            (abs)        000F8B
_LATCbits                        (abs)        000F8B
_LATD                            (abs)        000F8C
_LATDbits                        (abs)        000F8C
_LATE                            (abs)        000F8D
_LATEbits                        (abs)        000F8D
_LCD_init                        text19       0072DA
_LCD_tout                        nvBANK0      0000B0
_LowerByte                       bssBANK0     0000A0
_MedioPeriodoSet                 bssBANK0     000086
_Multiplicador                   bssBANK0     00009F
_MultiplicadorSet                bssBANK0     00009E
_OffsetPeriodo                   dataBANK0    0000AC
_PIE1bits                        (abs)        000F9D
_PIR1bits                        (abs)        000F9E
_PORTA                           (abs)        000F80
_PORTB                           (abs)        000F81
_PORTBbits                       (abs)        000F81
_PORTDbits                       (abs)        000F83
_PORTEbits                       (abs)        000F84
_PR2                             (abs)        000FCB
_PicIni21                        text18       006CFC
_RBIE                            (abs)        007F93
_RBIF                            (abs)        007F90
_RBIP                            (abs)        007F88
_RBPU                            (abs)        007F8F
_RCREG                           (abs)        000FAE
_RCSTAbits                       (abs)        000FAB
_SPBRG                           (abs)        000FAF
_SPBRGH                          (abs)        000FB0
_T0CONbits                       (abs)        000FD5
_T1CONbits                       (abs)        000FCD
_T2CONbits                       (abs)        000FCA
_TIMER0_INI                      text17       006C7E
_TIMER1_INI                      text16       006CB8
_TMR0H                           (abs)        000FD7
_TMR0IF                          (abs)        007F92
_TMR0L                           (abs)        000FD6
_TMR0ON                          (abs)        007EAF
_TMR1H                           (abs)        000FCF
_TMR1IF                          (abs)        007CF0
_TMR1L                           (abs)        000FCE
_TMR1ON                          (abs)        007E68
_TRISA                           (abs)        000F92
_TRISAbits                       (abs)        000F92
_TRISB                           (abs)        000F93
_TRISBbits                       (abs)        000F93
_TRISC                           (abs)        000F94
_TRISCbits                       (abs)        000F94
_TRISD                           (abs)        000F95
_TRISDbits                       (abs)        000F95
_TRISE                           (abs)        000F96
_TRISEbits                       (abs)        000F96
_TXREG                           (abs)        000FAD
_TXSTAbits                       (abs)        000FAC
_UpperByte                       dataBANK0    0000AD
__CFG_BOR$ON                     (abs)        000000
__CFG_BORV$3                     (abs)        000000
__CFG_CP0$OFF                    (abs)        000000
__CFG_CP1$OFF                    (abs)        000000
__CFG_CPB$OFF                    (abs)        000000
__CFG_CPUDIV$OSC1_PLL2           (abs)        000000
__CFG_EBTR0$OFF                  (abs)        000000
__CFG_EBTR1$OFF                  (abs)        000000
__CFG_EBTRB$OFF                  (abs)        000000
__CFG_FCMEN$OFF                  (abs)        000000
__CFG_FOSC$HSPLL_HS              (abs)        000000
__CFG_IESO$OFF                   (abs)        000000
__CFG_LPT1OSC$OFF                (abs)        000000
__CFG_LVP$OFF                    (abs)        000000
__CFG_MCLRE$ON                   (abs)        000000
__CFG_PBADEN$OFF                 (abs)        000000
__CFG_PLLDIV$5                   (abs)        000000
__CFG_PWRT$OFF                   (abs)        000000
__CFG_STVREN$ON                  (abs)        000000
__CFG_USBDIV$2                   (abs)        000000
__CFG_VREGEN$ON                  (abs)        000000
__CFG_WDT$OFF                    (abs)        000000
__CFG_WDTPS$32768                (abs)        000000
__CFG_WRT0$OFF                   (abs)        000000
__CFG_WRT1$OFF                   (abs)        000000
__CFG_WRTB$OFF                   (abs)        000000
__CFG_WRTC$OFF                   (abs)        000000
__CFG_XINST$OFF                  (abs)        000000
__HRAM                           (abs)        000000
__Habs1                          abs1         000000
__Hbank0                         bank0        000000
__Hbank1                         bank1        000000
__Hbank2                         bank2        000000
__Hbank3                         bank3        000000
__Hbank4                         bank4        000000
__Hbank5                         bank5        000000
__Hbank6                         bank6        000000
__Hbank7                         bank7        000000
__Hbigbss                        bigbss       000000
__Hbigdata                       bigdata      000000
__Hbigram                        bigram       000000
__Hbss                           bss          000000
__HbssBANK0                      bssBANK0     000000
__HbssCOMRAM                     bssCOMRAM    000000
__Hcinit                         cinit        000000
__Hclrtext                       clrtext      000000
__Hcomram                        comram       000000
__Hconfig                        config       30000E
__Hconst                         const        000000
__HcstackCOMRAM                  cstackCOMRAM 000000
__Hdata                          data         000000
__HdataBANK0                     dataBANK0    000000
__HdataCOMRAM                    dataCOMRAM   000000
__Heeprom_data                   eeprom_data  000000
__Hfarbss                        farbss       000000
__Hfardata                       fardata      000000
__Hibigdata                      ibigdata     000000
__Hidata                         idata        000000
__HidataBANK0                    idataBANK0   000000
__HidataCOMRAM                   idataCOMRAM  000000
__Hidloc                         idloc        200008
__Hifardata                      ifardata     000000
__Hinit                          init         000012
__Hintcode                       intcode      00000E
__Hintcode_body                  intcode_body 000000
__Hintcodelo                     intcodelo    00000E
__Hintentry                      intentry     000000
__Hintret                        intret       000000
__Hintsave_regs                  intsave_regs 000000
__Hirdata                        irdata       000000
__Hmediumconst                   mediumconst  000000
__HnvBANK0                       nvBANK0      000000
__HnvFARRAM                      nvFARRAM     000000
__Hnvbit                         nvbit        000000
__Hnvrram                        nvrram       000000
__Hparam                         rparam       000000
__Hpowerup                       powerup      00000E
__Hram                           ram          000000
__Hramtop                        ramtop       000800
__Hrbit                          rbit         000000
__Hrbss                          rbss         000000
__Hrdata                         rdata        000000
__Hreset_vec                     reset_vec    000004
__Hrparam                        rparam       000000
__Hsfr                           sfr          000000
__Hsmallconst                    smallconst   002074
__Hspace_0                       (abs)        30000E
__Hspace_1                       (abs)        0000B2
__Hspace_2                       (abs)        000000
__Hstack                         stack        000000
__Hstruct                        struct       000000
__Htemp                          temp         000060
__Htext                          text         000000
__Htext0                         text0        000000
__Htext1                         text1        000000
__Htext10                        text10       000000
__Htext11                        text11       000000
__Htext12                        text12       000000
__Htext13                        text13       000000
__Htext14                        text14       000000
__Htext15                        text15       000000
__Htext16                        text16       000000
__Htext17                        text17       000000
__Htext18                        text18       000000
__Htext19                        text19       000000
__Htext2                         text2        000000
__Htext20                        text20       000000
__Htext21                        text21       000000
__Htext23                        text23       000000
__Htext24                        text24       000000
__Htext25                        text25       000000
__Htext3                         text3        000000
__Htext4                         text4        000000
__Htext5                         text5        000000
__Htext6                         text6        000000
__Htext7                         text7        000000
__Htext8                         text8        000000
__Htext9                         text9        000000
__LRAM                           (abs)        000001
__Labs1                          abs1         000000
__Lbank0                         bank0        000000
__Lbank1                         bank1        000000
__Lbank2                         bank2        000000
__Lbank3                         bank3        000000
__Lbank4                         bank4        000000
__Lbank5                         bank5        000000
__Lbank6                         bank6        000000
__Lbank7                         bank7        000000
__Lbigbss                        bigbss       000000
__Lbigdata                       bigdata      000000
__Lbigram                        bigram       000000
__Lbss                           bss          000000
__LbssBANK0                      bssBANK0     000000
__LbssCOMRAM                     bssCOMRAM    000000
__Lcinit                         cinit        000000
__Lclrtext                       clrtext      000000
__Lcomram                        comram       000000
__Lconfig                        config       300000
__Lconst                         const        000000
__LcstackCOMRAM                  cstackCOMRAM 000000
__Ldata                          data         000000
__LdataBANK0                     dataBANK0    000000
__LdataCOMRAM                    dataCOMRAM   000000
__Leeprom_data                   eeprom_data  000000
__Lfarbss                        farbss       000000
__Lfardata                       fardata      000000
__Libigdata                      ibigdata     000000
__Lidata                         idata        000000
__LidataBANK0                    idataBANK0   000000
__LidataCOMRAM                   idataCOMRAM  000000
__Lidloc                         idloc        200000
__Lifardata                      ifardata     000000
__Linit                          init         00000E
__Lintcode                       intcode      000008
__Lintcode_body                  intcode_body 000000
__Lintcodelo                     intcodelo    00000E
__Lintentry                      intentry     000000
__Lintret                        intret       000000
__Lintsave_regs                  intsave_regs 000000
__Lirdata                        irdata       000000
__Lmediumconst                   mediumconst  000000
__LnvBANK0                       nvBANK0      000000
__LnvFARRAM                      nvFARRAM     000000
__Lnvbit                         nvbit        000000
__Lnvrram                        nvrram       000000
__Lparam                         rparam       000000
__Lpowerup                       powerup      00000E
__Lram                           ram          000000
__Lramtop                        ramtop       000800
__Lrbit                          rbit         000000
__Lrbss                          rbss         000000
__Lrdata                         rdata        000000
__Lreset_vec                     reset_vec    000000
__Lrparam                        rparam       000000
__Lsfr                           sfr          000000
__Lsmallconst                    smallconst   002018
__Lspace_0                       (abs)        000000
__Lspace_1                       (abs)        000000
__Lspace_2                       (abs)        000000
__Lstack                         stack        000000
__Lstruct                        struct       000000
__Ltemp                          temp         00005F
__Ltext                          text         000000
__Ltext0                         text0        000000
__Ltext1                         text1        000000
__Ltext10                        text10       000000
__Ltext11                        text11       000000
__Ltext12                        text12       000000
__Ltext13                        text13       000000
__Ltext14                        text14       000000
__Ltext15                        text15       000000
__Ltext16                        text16       000000
__Ltext17                        text17       000000
__Ltext18                        text18       000000
__Ltext19                        text19       000000
__Ltext2                         text2        000000
__Ltext20                        text20       000000
__Ltext21                        text21       000000
__Ltext23                        text23       000000
__Ltext24                        text24       000000
__Ltext25                        text25       000000
__Ltext3                         text3        000000
__Ltext4                         text4        000000
__Ltext5                         text5        000000
__Ltext6                         text6        000000
__Ltext7                         text7        000000
__Ltext8                         text8        000000
__Ltext9                         text9        000000
__S0                             (abs)        30000E
__S1                             (abs)        0000B2
__S2                             (abs)        000000
___aldiv                         text15       0070CE
___aldiv@counter                 cstackCOMRAM 000049
___aldiv@dividend                cstackCOMRAM 000041
___aldiv@divisor                 cstackCOMRAM 000045
___aldiv@quotient                cstackCOMRAM 00004B
___aldiv@sign                    cstackCOMRAM 00004A
___almod                         text14       006F68
___almod@counter                 cstackCOMRAM 00003F
___almod@dividend                cstackCOMRAM 000037
___almod@divisor                 cstackCOMRAM 00003B
___almod@sign                    cstackCOMRAM 000040
___fladd                         text13       0079A2
___fladd@a                       cstackCOMRAM 000005
___fladd@aexp                    cstackCOMRAM 00000E
___fladd@b                       cstackCOMRAM 000001
___fladd@bexp                    cstackCOMRAM 00000F
___fladd@grs                     cstackCOMRAM 000010
___fladd@signs                   cstackCOMRAM 00000D
___fldiv                         text9        007462
___fldiv@a                       cstackCOMRAM 00001E
___fldiv@aexp                    cstackCOMRAM 000032
___fldiv@b                       cstackCOMRAM 00001A
___fldiv@bexp                    cstackCOMRAM 000031
___fldiv@grs                     cstackCOMRAM 00002D
___fldiv@new_exp                 cstackCOMRAM 00002B
___fldiv@rem                     cstackCOMRAM 000026
___fldiv@sign                    cstackCOMRAM 00002A
___flmul                         text8        007CAE
___flmul@a                       cstackCOMRAM 000005
___flmul@aexp                    cstackCOMRAM 000012
___flmul@b                       cstackCOMRAM 000001
___flmul@bexp                    cstackCOMRAM 000013
___flmul@grs                     cstackCOMRAM 00000E
___flmul@prod                    cstackCOMRAM 000014
___flmul@sign                    cstackCOMRAM 00000D
___flmul@temp                    cstackCOMRAM 000018
___fltol                         text7        007014
___fltol@exp1                    cstackCOMRAM 00001A
___fltol@f1                      cstackCOMRAM 000011
___fltol@sign1                   cstackCOMRAM 000019
___inthi_sp                      stack        000000
___intlo_sp                      stack        000000
___param_bank                    (abs)        000000
___rparam_used                   (abs)        000001
___sp                            stack        000000
___xxtofl                        text6        00719A
___xxtofl@arg                    cstackCOMRAM 000011
___xxtofl@exp                    cstackCOMRAM 000010
___xxtofl@sign                   cstackCOMRAM 00000F
___xxtofl@val                    cstackCOMRAM 000007
__accesstop                      (abs)        000060
__activetblptr                   (abs)        000002
__end_of_LCD_init                text19       007462
__end_of_PicIni21                text18       006D28
__end_of_TIMER0_INI              text17       006C98
__end_of_TIMER1_INI              text16       006CD8
__end_of___aldiv                 text15       00719A
__end_of___almod                 text14       007014
__end_of___fladd                 text13       007CAE
__end_of___fldiv                 text9        0076EA
__end_of___flmul                 text8        008000
__end_of___fltol                 text7        0070CE
__end_of___xxtofl                text6        0072DA
__end_of__initialization         cinit        006E5E
__end_of_char2LCD                text11       006D94
__end_of_descomposicion          text2        0079A2
__end_of_main                    text0        006CFC
__end_of_marca_tecla             text25       006C48
__end_of_msg2LCD                 text10       006EC4
__end_of_myISR                   intcode_body 006D5A
__end_of_obtener_ADC10           text5        006E16
__end_of_readADC                 text4        006F68
__end_of_set_CURSOR              text3        006DD0
__end_of_tecladoIni13            text1        006C7E
__end_of_teclas                  smallconst   002025
__end_of_tic_LCD                 text24       006C68
__end_of_tic_teclado             text23       006C2E
__end_of_write_CMD               text20       006C56
__end_of_write_DATA              text12       002016
__end_of_write_LCD               text21       006CB8
__initialization                 cinit        006E16
__mediumconst                    mediumconst  000000
__pbssBANK0                      bssBANK0     000060
__pbssCOMRAM                     bssCOMRAM    00005B
__pcinit                         cinit        006E16
__pcstackCOMRAM                  cstackCOMRAM 000001
__pdataBANK0                     dataBANK0    0000A4
__pdataCOMRAM                    dataCOMRAM   00005D
__pidataBANK0                    idataBANK0   006C2E
__pidataCOMRAM                   idataCOMRAM  002000
__pintcode                       intcode      000008
__pintcode_body                  intcode_body 006D28
__pnvBANK0                       nvBANK0      0000B0
__psmallconst                    smallconst   002018
__ptext0                         text0        006CD8
__ptext1                         text1        006C68
__ptext10                        text10       006E6C
__ptext11                        text11       006D5A
__ptext12                        text12       002008
__ptext13                        text13       0079A2
__ptext14                        text14       006F68
__ptext15                        text15       0070CE
__ptext16                        text16       006CB8
__ptext17                        text17       006C7E
__ptext18                        text18       006CFC
__ptext19                        text19       0072DA
__ptext2                         text2        0076EA
__ptext20                        text20       006C48
__ptext21                        text21       006C98
__ptext23                        text23       006C24
__ptext24                        text24       006C56
__ptext25                        text25       006C3A
__ptext3                         text3        006D94
__ptext4                         text4        006EC4
__ptext5                         text5        006DD0
__ptext6                         text6        00719A
__ptext7                         text7        007014
__ptext8                         text8        007CAE
__ptext9                         text9        007462
__ramtop                         ramtop       000800
__size_of_LCD_init               (abs)        000000
__size_of_PicIni21               (abs)        000000
__size_of_TIMER0_INI             (abs)        000000
__size_of_TIMER1_INI             (abs)        000000
__size_of___aldiv                (abs)        000000
__size_of___almod                (abs)        000000
__size_of___fladd                (abs)        000000
__size_of___fldiv                (abs)        000000
__size_of___flmul                (abs)        000000
__size_of___fltol                (abs)        000000
__size_of___xxtofl               (abs)        000000
__size_of_char2LCD               (abs)        000000
__size_of_descomposicion         (abs)        000000
__size_of_main                   (abs)        000000
__size_of_marca_tecla            (abs)        000000
__size_of_msg2LCD                (abs)        000000
__size_of_myISR                  (abs)        000000
__size_of_obtener_ADC10          (abs)        000000
__size_of_readADC                (abs)        000000
__size_of_set_CURSOR             (abs)        000000
__size_of_tecladoIni13           (abs)        000000
__size_of_tic_LCD                (abs)        000000
__size_of_tic_teclado            (abs)        000000
__size_of_write_CMD              (abs)        000000
__size_of_write_DATA             (abs)        000000
__size_of_write_LCD              (abs)        000000
__smallconst                     smallconst   002018
_activador_tiempo_ventana_pesaje bssBANK0     000064
_bot_tout                        bssBANK0     0000A2
_casos_valores_pesaje            bssBANK0     000060
_cen_kg                          bssBANK0     000074
_char2LCD                        text11       006D5A
_col                             dataBANK0    0000A8
_dec_kg                          bssBANK0     000070
_delay_kb                        bssCOMRAM    00005B
_descomposicion                  text2        0076EA
_descomposicion$2519             cstackCOMRAM 00004F
_descomposicion$2520             cstackCOMRAM 000057
_descomposicion$2521             cstackCOMRAM 000053
_desplazar_tout                  bssBANK0     000084
_encoderTout                     bssBANK0     00008D
_fila                            dataBANK0    0000A9
_flagCanal                       bssBANK0     00008C
_flag_kb                         bssBANK0     00008B
_frecuencia                      dataCOMRAM   00005D
_gramos                          bssBANK0     000068
_guarda_ADC                      bssBANK0     000080
_kgrs_pesado                     bssBANK0     000078
_kilos                           bssBANK0     00007C
_led_tout                        bssBANK0     000088
_main                            text0        006CD8
_marca_tecla                     text25       006C3A
_maximoEncoder                   bssBANK0     000090
_minimoEncoder                   bssBANK0     00008F
_msg2LCD                         text10       006E6C
_mux_tout                        bssBANK0     0000A3
_myISR                           intcode      000008
_obtener_ADC10                   text5        006DD0
_posicionEncoder                 bssBANK0     00008E
_readADC                         text4        006EC4
_set_CURSOR                      text3        006D94
_tecladoIni13                    text1        006C68
_teclas                          smallconst   002019
_tic_LCD                         text24       006C56
_tic_teclado                     text23       006C24
_tiempo_ventana_pesaje           dataBANK0    0000A4
_uni_kg                          bssBANK0     00006C
_write_CMD                       text20       006C48
_write_DATA                      text12       002008
_write_LCD                       text21       006C98
btemp                            temp         00005F
char2LCD@dato                    cstackCOMRAM 000003
char2LCD@i                       cstackCOMRAM 000004
debounce@cnt0                    bssBANK0     00009C
debounce@cnt1                    bssBANK0     00009B
debounce@state                   bssBANK0     00009D
demo_shield2_1@Desplazar         bssBANK0     000095
demo_shield2_1@PrimeraVez        bssBANK0     000096
demo_shield2_1@cont              bssBANK0     000094
demo_shield2_1@cont1             bssBANK0     000093
demo_shield2_1@cont2             bssBANK0     000092
demo_shield2_1@cont3             bssBANK0     000091
demo_shield2_1@flag0             bssBANK0     00009A
demo_shield2_1@flag1             bssBANK0     000099
demo_shield2_1@flag2             bssBANK0     000098
demo_shield2_1@flag3             bssBANK0     000097
end_of_initialization            cinit        006E5E
int$flags                        temp         00005F
int_func                         intcode_body 006D28
intlevel0                        text         000000
intlevel1                        text         000000
intlevel2                        text         000000
intlevel3                        text         000000
msg2LCD@datos                    cstackCOMRAM 000003
msg2LCD@i                        cstackCOMRAM 000005
obtener_ADC10@GuardoPorta        cstackCOMRAM 000003
obtener_ADC10@GuardoTrisa        cstackCOMRAM 000004
obtener_ADC10@ad_res             cstackCOMRAM 000005
set_CURSOR@i                     cstackCOMRAM 000004
set_CURSOR@posi                  cstackCOMRAM 000003
stackhi                          (abs)        0007FF
stacklo                          (abs)        0000B2
start                            init         00000E
start_initialization             cinit        006E16
tecla@status_KB                  bssBANK0     00008A
tic_debounce@debounce_tic        dataBANK0    0000AB
tic_encoder@estado               dataBANK0    0000AA
ttemp5                           temp         000060
ttemp6                           temp         000063
ttemp7                           temp         000067
write_CMD@dato                   cstackCOMRAM 000002
write_DATA@dato                  cstackCOMRAM 000002
write_LCD@dato                   cstackCOMRAM 000001
wtemp8                           temp         000060


FUNCTION INFORMATION:

 *************** function _main *****************
 Defined at:
		line 35 in file "main.c"
 Parameters:    Size  Location     Type
		None
 Auto vars:     Size  Location     Type
		None
 Return value:  Size  Location     Type
                  1    wreg      void 
 Registers used:
		wreg, status,2, status,0, tblptrl, tblptrh, tblptru, prodl, prodh, cstack
 Tracked objects:
		On entry : 
		On exit  : 
		Unchanged: 
 Data sizes:     COMRAM   BANK0   BANK1   BANK2   BANK3   BANK4   BANK5   BANK6   BANK7
      Params:         0       0       0       0       0       0       0       0       0
      Locals:         0       0       0       0       0       0       0       0       0
      Temps:          0       0       0       0       0       0       0       0       0
      Totals:         0       0       0       0       0       0       0       0       0
Total ram usage:        0 bytes
 Hardware stack levels required when called:    6
 This function calls:
		_LCD_init
		_PicIni21
		_TIMER0_INI
		_TIMER1_INI
		_descomposicion
		_tecladoIni13
 This function is called by:
		Startup code after reset
 This function uses a non-reentrant model


 *************** function _tecladoIni13 *****************
 Defined at:
		line 42 in file "teclado.c"
 Parameters:    Size  Location     Type
		None
 Auto vars:     Size  Location     Type
		None
 Return value:  Size  Location     Type
                  1    wreg      void 
 Registers used:
		wreg, status,2
 Tracked objects:
		On entry : 
		On exit  : 
		Unchanged: 
 Data sizes:     COMRAM   BANK0   BANK1   BANK2   BANK3   BANK4   BANK5   BANK6   BANK7
      Params:         0       0       0       0       0       0       0       0       0
      Locals:         0       0       0       0       0       0       0       0       0
      Temps:          0       0       0       0       0       0       0       0       0
      Totals:         0       0       0       0       0       0       0       0       0
Total ram usage:        0 bytes
 Hardware stack levels used:    1
 Hardware stack levels required when called:    2
 This function calls:
		Nothing
 This function is called by:
		_main
 This function uses a non-reentrant model


 *************** function _descomposicion *****************
 Defined at:
		line 100 in file "main.c"
 Parameters:    Size  Location     Type
		None
 Auto vars:     Size  Location     Type
		None
 Return value:  Size  Location     Type
                  1    wreg      void 
 Registers used:
		wreg, status,2, status,0, tblptrl, tblptrh, tblptru, prodl, prodh, cstack
 Tracked objects:
		On entry : 
		On exit  : 
		Unchanged: 
 Data sizes:     COMRAM   BANK0   BANK1   BANK2   BANK3   BANK4   BANK5   BANK6   BANK7
      Params:         0       0       0       0       0       0       0       0       0
      Locals:        12       0       0       0       0       0       0       0       0
      Temps:          0       0       0       0       0       0       0       0       0
      Totals:        12       0       0       0       0       0       0       0       0
Total ram usage:       12 bytes
 Hardware stack levels used:    1
 Hardware stack levels required when called:    5
 This function calls:
		___aldiv
		___almod
		___fladd
		___fltol
		___xxtofl
		_char2LCD
		_msg2LCD
		_readADC
		_set_CURSOR
 This function is called by:
		_main
 This function uses a non-reentrant model


 *************** function _set_CURSOR *****************
 Defined at:
		line 64 in file "lcd.c"
 Parameters:    Size  Location     Type
  posi            1    wreg     unsigned char 
 Auto vars:     Size  Location     Type
  posi            1    2[COMRAM] unsigned char 
  i               4    3[COMRAM] unsigned long 
 Return value:  Size  Location     Type
                  1    wreg      void 
 Registers used:
		wreg, status,2, status,0, cstack
 Tracked objects:
		On entry : 
		On exit  : 
		Unchanged: 
 Data sizes:     COMRAM   BANK0   BANK1   BANK2   BANK3   BANK4   BANK5   BANK6   BANK7
      Params:         0       0       0       0       0       0       0       0       0
      Locals:         5       0       0       0       0       0       0       0       0
      Temps:          0       0       0       0       0       0       0       0       0
      Totals:         5       0       0       0       0       0       0       0       0
Total ram usage:        5 bytes
 Hardware stack levels used:    1
 Hardware stack levels required when called:    4
 This function calls:
		_write_CMD
 This function is called by:
		_descomposicion
		_demo_shield2_1
 This function uses a non-reentrant model


 *************** function _readADC *****************
 Defined at:
		line 91 in file "main.c"
 Parameters:    Size  Location     Type
		None
 Auto vars:     Size  Location     Type
		None
 Return value:  Size  Location     Type
                  4   50[COMRAM] long 
 Registers used:
		wreg, status,2, status,0, prodl, prodh, cstack
 Tracked objects:
		On entry : 
		On exit  : 
		Unchanged: 
 Data sizes:     COMRAM   BANK0   BANK1   BANK2   BANK3   BANK4   BANK5   BANK6   BANK7
      Params:         4       0       0       0       0       0       0       0       0
      Locals:         0       0       0       0       0       0       0       0       0
      Temps:          0       0       0       0       0       0       0       0       0
      Totals:         4       0       0       0       0       0       0       0       0
Total ram usage:        4 bytes
 Hardware stack levels used:    1
 Hardware stack levels required when called:    3
 This function calls:
		___fldiv
		___flmul
		___fltol
		___xxtofl
		_obtener_ADC10
 This function is called by:
		_descomposicion
 This function uses a non-reentrant model


 *************** function _obtener_ADC10 *****************
 Defined at:
		line 154 in file "Tecnica1.c"
 Parameters:    Size  Location     Type
		None
 Auto vars:     Size  Location     Type
  ad_res          2    4[COMRAM] unsigned int 
  GuardoTrisa     1    3[COMRAM] unsigned char 
  GuardoPorta     1    2[COMRAM] unsigned char 
 Return value:  Size  Location     Type
                  2    0[COMRAM] unsigned int 
 Registers used:
		wreg, status,2, status,0
 Tracked objects:
		On entry : 
		On exit  : 
		Unchanged: 
 Data sizes:     COMRAM   BANK0   BANK1   BANK2   BANK3   BANK4   BANK5   BANK6   BANK7
      Params:         2       0       0       0       0       0       0       0       0
      Locals:         4       0       0       0       0       0       0       0       0
      Temps:          0       0       0       0       0       0       0       0       0
      Totals:         6       0       0       0       0       0       0       0       0
Total ram usage:        6 bytes
 Hardware stack levels used:    1
 Hardware stack levels required when called:    2
 This function calls:
		Nothing
 This function is called by:
		_readADC
 This function uses a non-reentrant model


 *************** function ___xxtofl *****************
 Defined at:
		line 10 in file "C:\Program Files (x86)\Microchip\xc8\v2.05\pic\sources\c90\common\xxtofl.c"
 Parameters:    Size  Location     Type
  sign            1    wreg     unsigned char 
  val             4    6[COMRAM] long 
 Auto vars:     Size  Location     Type
  sign            1   14[COMRAM] unsigned char 
  arg             4   16[COMRAM] unsigned long 
  exp             1   15[COMRAM] unsigned char 
 Return value:  Size  Location     Type
                  4    6[COMRAM] unsigned char 
 Registers used:
		wreg, status,2, status,0
 Tracked objects:
		On entry : 
		On exit  : 
		Unchanged: 
 Data sizes:     COMRAM   BANK0   BANK1   BANK2   BANK3   BANK4   BANK5   BANK6   BANK7
      Params:         4       0       0       0       0       0       0       0       0
      Locals:         6       0       0       0       0       0       0       0       0
      Temps:          4       0       0       0       0       0       0       0       0
      Totals:        14       0       0       0       0       0       0       0       0
Total ram usage:       14 bytes
 Hardware stack levels used:    1
 Hardware stack levels required when called:    2
 This function calls:
		Nothing
 This function is called by:
		_readADC
		_descomposicion
 This function uses a non-reentrant model


 *************** function ___fltol *****************
 Defined at:
		line 43 in file "C:\Program Files (x86)\Microchip\xc8\v2.05\pic\sources\c90\common\fltol.c"
 Parameters:    Size  Location     Type
  f1              4   16[COMRAM] unsigned char 
 Auto vars:     Size  Location     Type
  exp1            1   25[COMRAM] unsigned char 
  sign1           1   24[COMRAM] unsigned char 
 Return value:  Size  Location     Type
                  4   16[COMRAM] long 
 Registers used:
		wreg, status,2, status,0
 Tracked objects:
		On entry : 
		On exit  : 
		Unchanged: 
 Data sizes:     COMRAM   BANK0   BANK1   BANK2   BANK3   BANK4   BANK5   BANK6   BANK7
      Params:         4       0       0       0       0       0       0       0       0
      Locals:         2       0       0       0       0       0       0       0       0
      Temps:          4       0       0       0       0       0       0       0       0
      Totals:        10       0       0       0       0       0       0       0       0
Total ram usage:       10 bytes
 Hardware stack levels used:    1
 Hardware stack levels required when called:    2
 This function calls:
		Nothing
 This function is called by:
		_readADC
		_descomposicion
 This function uses a non-reentrant model


 *************** function ___flmul *****************
 Defined at:
		line 8 in file "C:\Program Files (x86)\Microchip\xc8\v2.05\pic\sources\c90\common\sprcmul.c"
 Parameters:    Size  Location     Type
  b               4    0[COMRAM] long 
  a               4    4[COMRAM] long 
 Auto vars:     Size  Location     Type
  prod            4   19[COMRAM] struct .
  grs             4   13[COMRAM] unsigned long 
  temp            2   23[COMRAM] struct .
  bexp            1   18[COMRAM] unsigned char 
  aexp            1   17[COMRAM] unsigned char 
  sign            1   12[COMRAM] unsigned char 
 Return value:  Size  Location     Type
                  4    0[COMRAM] unsigned char 
 Registers used:
		wreg, status,2, status,0, prodl, prodh
 Tracked objects:
		On entry : 
		On exit  : 
		Unchanged: 
 Data sizes:     COMRAM   BANK0   BANK1   BANK2   BANK3   BANK4   BANK5   BANK6   BANK7
      Params:         8       0       0       0       0       0       0       0       0
      Locals:        13       0       0       0       0       0       0       0       0
      Temps:          4       0       0       0       0       0       0       0       0
      Totals:        25       0       0       0       0       0       0       0       0
Total ram usage:       25 bytes
 Hardware stack levels used:    1
 Hardware stack levels required when called:    2
 This function calls:
		Nothing
 This function is called by:
		_readADC
 This function uses a non-reentrant model


 *************** function ___fldiv *****************
 Defined at:
		line 11 in file "C:\Program Files (x86)\Microchip\xc8\v2.05\pic\sources\c90\common\sprcdiv.c"
 Parameters:    Size  Location     Type
  b               4   25[COMRAM] unsigned char 
  a               4   29[COMRAM] unsigned char 
 Auto vars:     Size  Location     Type
  grs             4   44[COMRAM] unsigned long 
  rem             4   37[COMRAM] unsigned long 
  new_exp         2   42[COMRAM] int 
  aexp            1   49[COMRAM] unsigned char 
  bexp            1   48[COMRAM] unsigned char 
  sign            1   41[COMRAM] unsigned char 
 Return value:  Size  Location     Type
                  4   25[COMRAM] unsigned char 
 Registers used:
		wreg, status,2, status,0
 Tracked objects:
		On entry : 
		On exit  : 
		Unchanged: 
 Data sizes:     COMRAM   BANK0   BANK1   BANK2   BANK3   BANK4   BANK5   BANK6   BANK7
      Params:         8       0       0       0       0       0       0       0       0
      Locals:        13       0       0       0       0       0       0       0       0
      Temps:          4       0       0       0       0       0       0       0       0
      Totals:        25       0       0       0       0       0       0       0       0
Total ram usage:       25 bytes
 Hardware stack levels used:    1
 Hardware stack levels required when called:    2
 This function calls:
		Nothing
 This function is called by:
		_readADC
 This function uses a non-reentrant model


 *************** function _msg2LCD *****************
 Defined at:
		line 27 in file "lcd.c"
 Parameters:    Size  Location     Type
  datos           2    2[COMRAM] PTR const unsigned char 
		 -> STR_10(28), STR_9(5), STR_8(5), STR_7(5), 
		 -> STR_4(5), STR_3(13), STR_2(3), STR_1(7), 
 Auto vars:     Size  Location     Type
  i               4    4[COMRAM] unsigned long 
 Return value:  Size  Location     Type
                  1    wreg      void 
 Registers used:
		wreg, status,2, status,0, tblptrl, tblptrh, tblptru, cstack
 Tracked objects:
		On entry : 
		On exit  : 
		Unchanged: 
 Data sizes:     COMRAM   BANK0   BANK1   BANK2   BANK3   BANK4   BANK5   BANK6   BANK7
      Params:         2       0       0       0       0       0       0       0       0
      Locals:         4       0       0       0       0       0       0       0       0
      Temps:          0       0       0       0       0       0       0       0       0
      Totals:         6       0       0       0       0       0       0       0       0
Total ram usage:        6 bytes
 Hardware stack levels used:    1
 Hardware stack levels required when called:    4
 This function calls:
		_write_DATA
 This function is called by:
		_descomposicion
		_demo_shield2_1_INI
		_demo_shield2_1
 This function uses a non-reentrant model


 *************** function _char2LCD *****************
 Defined at:
		line 39 in file "lcd.c"
 Parameters:    Size  Location     Type
  dato            1    wreg     unsigned char 
 Auto vars:     Size  Location     Type
  dato            1    2[COMRAM] unsigned char 
  i               4    3[COMRAM] unsigned long 
 Return value:  Size  Location     Type
                  1    wreg      void 
 Registers used:
		wreg, status,2, status,0, cstack
 Tracked objects:
		On entry : 
		On exit  : 
		Unchanged: 
 Data sizes:     COMRAM   BANK0   BANK1   BANK2   BANK3   BANK4   BANK5   BANK6   BANK7
      Params:         0       0       0       0       0       0       0       0       0
      Locals:         5       0       0       0       0       0       0       0       0
      Temps:          0       0       0       0       0       0       0       0       0
      Totals:         5       0       0       0       0       0       0       0       0
Total ram usage:        5 bytes
 Hardware stack levels used:    1
 Hardware stack levels required when called:    4
 This function calls:
		_write_DATA
 This function is called by:
		_descomposicion
		_demo_shield2_1
 This function uses a non-reentrant model


 *************** function _write_DATA *****************
 Defined at:
		line 120 in file "lcd.c"
 Parameters:    Size  Location     Type
  dato            1    wreg     unsigned char 
 Auto vars:     Size  Location     Type
  dato            1    1[COMRAM] unsigned char 
 Return value:  Size  Location     Type
                  1    wreg      void 
 Registers used:
		wreg, status,2, status,0, cstack
 Tracked objects:
		On entry : 
		On exit  : 
		Unchanged: 
 Data sizes:     COMRAM   BANK0   BANK1   BANK2   BANK3   BANK4   BANK5   BANK6   BANK7
      Params:         0       0       0       0       0       0       0       0       0
      Locals:         1       0       0       0       0       0       0       0       0
      Temps:          0       0       0       0       0       0       0       0       0
      Totals:         1       0       0       0       0       0       0       0       0
Total ram usage:        1 bytes
 Hardware stack levels used:    1
 Hardware stack levels required when called:    3
 This function calls:
		_write_LCD
 This function is called by:
		_msg2LCD
		_char2LCD
 This function uses a non-reentrant model


 *************** function ___fladd *****************
 Defined at:
		line 10 in file "C:\Program Files (x86)\Microchip\xc8\v2.05\pic\sources\c90\common\sprcadd.c"
 Parameters:    Size  Location     Type
  b               4    0[COMRAM] void 
  a               4    4[COMRAM] void 
 Auto vars:     Size  Location     Type
  grs             1   15[COMRAM] unsigned char 
  bexp            1   14[COMRAM] unsigned char 
  aexp            1   13[COMRAM] unsigned char 
  signs           1   12[COMRAM] unsigned char 
 Return value:  Size  Location     Type
                  4    0[COMRAM] unsigned char 
 Registers used:
		wreg, status,2, status,0
 Tracked objects:
		On entry : 
		On exit  : 
		Unchanged: 
 Data sizes:     COMRAM   BANK0   BANK1   BANK2   BANK3   BANK4   BANK5   BANK6   BANK7
      Params:         8       0       0       0       0       0       0       0       0
      Locals:         4       0       0       0       0       0       0       0       0
      Temps:          4       0       0       0       0       0       0       0       0
      Totals:        16       0       0       0       0       0       0       0       0
Total ram usage:       16 bytes
 Hardware stack levels used:    1
 Hardware stack levels required when called:    2
 This function calls:
		Nothing
 This function is called by:
		_descomposicion
 This function uses a non-reentrant model


 *************** function ___almod *****************
 Defined at:
		line 7 in file "C:\Program Files (x86)\Microchip\xc8\v2.05\pic\sources\c90\common\almod.c"
 Parameters:    Size  Location     Type
  dividend        4   54[COMRAM] long 
  divisor         4   58[COMRAM] long 
 Auto vars:     Size  Location     Type
  sign            1   63[COMRAM] unsigned char 
  counter         1   62[COMRAM] unsigned char 
 Return value:  Size  Location     Type
                  4   54[COMRAM] long 
 Registers used:
		wreg, status,2, status,0
 Tracked objects:
		On entry : 
		On exit  : 
		Unchanged: 
 Data sizes:     COMRAM   BANK0   BANK1   BANK2   BANK3   BANK4   BANK5   BANK6   BANK7
      Params:         8       0       0       0       0       0       0       0       0
      Locals:         2       0       0       0       0       0       0       0       0
      Temps:          0       0       0       0       0       0       0       0       0
      Totals:        10       0       0       0       0       0       0       0       0
Total ram usage:       10 bytes
 Hardware stack levels used:    1
 Hardware stack levels required when called:    2
 This function calls:
		Nothing
 This function is called by:
		_descomposicion
 This function uses a non-reentrant model


 *************** function ___aldiv *****************
 Defined at:
		line 7 in file "C:\Program Files (x86)\Microchip\xc8\v2.05\pic\sources\c90\common\aldiv.c"
 Parameters:    Size  Location     Type
  dividend        4   64[COMRAM] long 
  divisor         4   68[COMRAM] long 
 Auto vars:     Size  Location     Type
  quotient        4   74[COMRAM] long 
  sign            1   73[COMRAM] unsigned char 
  counter         1   72[COMRAM] unsigned char 
 Return value:  Size  Location     Type
                  4   64[COMRAM] long 
 Registers used:
		wreg, status,2, status,0
 Tracked objects:
		On entry : 
		On exit  : 
		Unchanged: 
 Data sizes:     COMRAM   BANK0   BANK1   BANK2   BANK3   BANK4   BANK5   BANK6   BANK7
      Params:         8       0       0       0       0       0       0       0       0
      Locals:         6       0       0       0       0       0       0       0       0
      Temps:          0       0       0       0       0       0       0       0       0
      Totals:        14       0       0       0       0       0       0       0       0
Total ram usage:       14 bytes
 Hardware stack levels used:    1
 Hardware stack levels required when called:    2
 This function calls:
		Nothing
 This function is called by:
		_descomposicion
		_CalculoDeFrecuencia
 This function uses a non-reentrant model


 *************** function _TIMER1_INI *****************
 Defined at:
		line 26 in file "Tecnica1.c"
 Parameters:    Size  Location     Type
		None
 Auto vars:     Size  Location     Type
		None
 Return value:  Size  Location     Type
                  1    wreg      void 
 Registers used:
		wreg, status,2
 Tracked objects:
		On entry : 
		On exit  : 
		Unchanged: 
 Data sizes:     COMRAM   BANK0   BANK1   BANK2   BANK3   BANK4   BANK5   BANK6   BANK7
      Params:         0       0       0       0       0       0       0       0       0
      Locals:         0       0       0       0       0       0       0       0       0
      Temps:          0       0       0       0       0       0       0       0       0
      Totals:         0       0       0       0       0       0       0       0       0
Total ram usage:        0 bytes
 Hardware stack levels used:    1
 Hardware stack levels required when called:    2
 This function calls:
		Nothing
 This function is called by:
		_main
		_demo_shield2_1_INI
 This function uses a non-reentrant model


 *************** function _TIMER0_INI *****************
 Defined at:
		line 13 in file "Tecnica1.c"
 Parameters:    Size  Location     Type
		None
 Auto vars:     Size  Location     Type
		None
 Return value:  Size  Location     Type
                  1    wreg      void 
 Registers used:
		wreg, status,2
 Tracked objects:
		On entry : 
		On exit  : 
		Unchanged: 
 Data sizes:     COMRAM   BANK0   BANK1   BANK2   BANK3   BANK4   BANK5   BANK6   BANK7
      Params:         0       0       0       0       0       0       0       0       0
      Locals:         0       0       0       0       0       0       0       0       0
      Temps:          0       0       0       0       0       0       0       0       0
      Totals:         0       0       0       0       0       0       0       0       0
Total ram usage:        0 bytes
 Hardware stack levels used:    1
 Hardware stack levels required when called:    2
 This function calls:
		Nothing
 This function is called by:
		_main
		_demo_shield2_1_INI
 This function uses a non-reentrant model


 *************** function _PicIni21 *****************
 Defined at:
		line 3 in file "ConfShield2_1.c"
 Parameters:    Size  Location     Type
		None
 Auto vars:     Size  Location     Type
		None
 Return value:  Size  Location     Type
                  1    wreg      void 
 Registers used:
		wreg, status,2
 Tracked objects:
		On entry : 
		On exit  : 
		Unchanged: 
 Data sizes:     COMRAM   BANK0   BANK1   BANK2   BANK3   BANK4   BANK5   BANK6   BANK7
      Params:         0       0       0       0       0       0       0       0       0
      Locals:         0       0       0       0       0       0       0       0       0
      Temps:          0       0       0       0       0       0       0       0       0
      Totals:         0       0       0       0       0       0       0       0       0
Total ram usage:        0 bytes
 Hardware stack levels used:    1
 Hardware stack levels required when called:    2
 This function calls:
		Nothing
 This function is called by:
		_main
		_demo_shield2_1_INI
 This function uses a non-reentrant model


 *************** function _LCD_init *****************
 Defined at:
		line 79 in file "lcd.c"
 Parameters:    Size  Location     Type
		None
 Auto vars:     Size  Location     Type
  i               4   22[COMRAM] unsigned long 
  i               4   18[COMRAM] unsigned long 
  i               4   14[COMRAM] unsigned long 
  i               4   10[COMRAM] unsigned long 
  i               4    6[COMRAM] unsigned long 
  i               4    2[COMRAM] unsigned long 
 Return value:  Size  Location     Type
                  1    wreg      void 
 Registers used:
		wreg, status,2, status,0, cstack
 Tracked objects:
		On entry : 
		On exit  : 
		Unchanged: 
 Data sizes:     COMRAM   BANK0   BANK1   BANK2   BANK3   BANK4   BANK5   BANK6   BANK7
      Params:         0       0       0       0       0       0       0       0       0
      Locals:        24       0       0       0       0       0       0       0       0
      Temps:          0       0       0       0       0       0       0       0       0
      Totals:        24       0       0       0       0       0       0       0       0
Total ram usage:       24 bytes
 Hardware stack levels used:    1
 Hardware stack levels required when called:    4
 This function calls:
		_write_CMD
 This function is called by:
		_main
		_demo_shield2_1_INI
 This function uses a non-reentrant model


 *************** function _write_CMD *****************
 Defined at:
		line 130 in file "lcd.c"
 Parameters:    Size  Location     Type
  dato            1    wreg     unsigned char 
 Auto vars:     Size  Location     Type
  dato            1    1[COMRAM] unsigned char 
 Return value:  Size  Location     Type
                  1    wreg      void 
 Registers used:
		wreg, status,2, status,0, cstack
 Tracked objects:
		On entry : 
		On exit  : 
		Unchanged: 
 Data sizes:     COMRAM   BANK0   BANK1   BANK2   BANK3   BANK4   BANK5   BANK6   BANK7
      Params:         0       0       0       0       0       0       0       0       0
      Locals:         1       0       0       0       0       0       0       0       0
      Temps:          0       0       0       0       0       0       0       0       0
      Totals:         1       0       0       0       0       0       0       0       0
Total ram usage:        1 bytes
 Hardware stack levels used:    1
 Hardware stack levels required when called:    3
 This function calls:
		_write_LCD
 This function is called by:
		_set_CURSOR
		_LCD_init
		_clear_LCD
		_ret_HOME
		_DesplazarIzquierda
 This function uses a non-reentrant model


 *************** function _write_LCD *****************
 Defined at:
		line 140 in file "lcd.c"
 Parameters:    Size  Location     Type
  dato            1    wreg     unsigned char 
 Auto vars:     Size  Location     Type
  dato            1    0[COMRAM] unsigned char 
 Return value:  Size  Location     Type
                  1    wreg      void 
 Registers used:
		wreg, status,2, status,0
 Tracked objects:
		On entry : 
		On exit  : 
		Unchanged: 
 Data sizes:     COMRAM   BANK0   BANK1   BANK2   BANK3   BANK4   BANK5   BANK6   BANK7
      Params:         0       0       0       0       0       0       0       0       0
      Locals:         1       0       0       0       0       0       0       0       0
      Temps:          0       0       0       0       0       0       0       0       0
      Totals:         1       0       0       0       0       0       0       0       0
Total ram usage:        1 bytes
 Hardware stack levels used:    1
 Hardware stack levels required when called:    2
 This function calls:
		Nothing
 This function is called by:
		_write_DATA
		_write_CMD
 This function uses a non-reentrant model


 *************** function _myISR *****************
 Defined at:
		line 59 in file "main.c"
 Parameters:    Size  Location     Type
		None
 Auto vars:     Size  Location     Type
		None
 Return value:  Size  Location     Type
                  1    wreg      void 
 Registers used:
		wreg, status,2, status,0, cstack
 Tracked objects:
		On entry : 
		On exit  : 
		Unchanged: 
 Data sizes:     COMRAM   BANK0   BANK1   BANK2   BANK3   BANK4   BANK5   BANK6   BANK7
      Params:         0       0       0       0       0       0       0       0       0
      Locals:         0       0       0       0       0       0       0       0       0
      Temps:          0       0       0       0       0       0       0       0       0
      Totals:         0       0       0       0       0       0       0       0       0
Total ram usage:        0 bytes
 Hardware stack levels used:    1
 Hardware stack levels required when called:    1
 This function calls:
		_marca_tecla
		_tic_LCD
		_tic_teclado
 This function is called by:
		Interrupt level 2
 This function uses a non-reentrant model


 *************** function _tic_teclado *****************
 Defined at:
		line 214 in file "teclado.c"
 Parameters:    Size  Location     Type
		None
 Auto vars:     Size  Location     Type
		None
 Return value:  Size  Location     Type
                  1    wreg      void 
 Registers used:
		wreg, status,2, status,0
 Tracked objects:
		On entry : 
		On exit  : 
		Unchanged: 
 Data sizes:     COMRAM   BANK0   BANK1   BANK2   BANK3   BANK4   BANK5   BANK6   BANK7
      Params:         0       0       0       0       0       0       0       0       0
      Locals:         0       0       0       0       0       0       0       0       0
      Temps:          0       0       0       0       0       0       0       0       0
      Totals:         0       0       0       0       0       0       0       0       0
Total ram usage:        0 bytes
 Hardware stack levels used:    1
 This function calls:
		Nothing
 This function is called by:
		_myISR
 This function uses a non-reentrant model


 *************** function _tic_LCD *****************
 Defined at:
		line 182 in file "lcd.c"
 Parameters:    Size  Location     Type
		None
 Auto vars:     Size  Location     Type
		None
 Return value:  Size  Location     Type
                  1    wreg      void 
 Registers used:
		wreg, status,2, status,0
 Tracked objects:
		On entry : 
		On exit  : 
		Unchanged: 
 Data sizes:     COMRAM   BANK0   BANK1   BANK2   BANK3   BANK4   BANK5   BANK6   BANK7
      Params:         0       0       0       0       0       0       0       0       0
      Locals:         0       0       0       0       0       0       0       0       0
      Temps:          0       0       0       0       0       0       0       0       0
      Totals:         0       0       0       0       0       0       0       0       0
Total ram usage:        0 bytes
 Hardware stack levels used:    1
 This function calls:
		Nothing
 This function is called by:
		_myISR
		_tic_demo_shield2_1
 This function uses a non-reentrant model


 *************** function _marca_tecla *****************
 Defined at:
		line 207 in file "teclado.c"
 Parameters:    Size  Location     Type
		None
 Auto vars:     Size  Location     Type
		None
 Return value:  Size  Location     Type
                  1    wreg      void 
 Registers used:
		wreg, status,2
 Tracked objects:
		On entry : 
		On exit  : 
		Unchanged: 
 Data sizes:     COMRAM   BANK0   BANK1   BANK2   BANK3   BANK4   BANK5   BANK6   BANK7
      Params:         0       0       0       0       0       0       0       0       0
      Locals:         0       0       0       0       0       0       0       0       0
      Temps:          0       0       0       0       0       0       0       0       0
      Totals:         0       0       0       0       0       0       0       0       0
Total ram usage:        0 bytes
 Hardware stack levels used:    1
 This function calls:
		Nothing
 This function is called by:
		_myISR
 This function uses a non-reentrant model



MODULE INFORMATION

Module		Function		Class		Link	Load	Size
C:\Program Files (x86)\Microchip\xc8\v2.05\pic\sources\c90\common\sprcadd.c
		___fladd       		CODE           	79A2	0000	781

C:\Program Files (x86)\Microchip\xc8\v2.05\pic\sources\c90\common\sprcadd.c estimated size: 781

teclado.c
		_tecladoIni13  		CODE           	6C68	0000	23
		_tic_teclado   		CODE           	6C24	0000	11
		_marca_tecla   		CODE           	6C3A	0000	15

teclado.c estimated size: 49

C:\Program Files (x86)\Microchip\xc8\v2.05\pic\sources\c90\common\almod.c
		___almod       		CODE           	6F68	0000	173

C:\Program Files (x86)\Microchip\xc8\v2.05\pic\sources\c90\common\almod.c estimated size: 173

C:\Program Files (x86)\Microchip\xc8\v2.05\pic\sources\c90\common\fltol.c
		___fltol       		CODE           	7014	0000	187

C:\Program Files (x86)\Microchip\xc8\v2.05\pic\sources\c90\common\fltol.c estimated size: 187

ConfShield2_1.c
		_PicIni21      		CODE           	6CFC	0000	45

ConfShield2_1.c estimated size: 45

shared
		_teclas        		SMALLCONST     	2019	0000	13
		__initialization		CODE           	6E16	0000	73

shared estimated size: 86

C:\Program Files (x86)\Microchip\xc8\v2.05\pic\sources\c90\common\sprcmul.c
		___flmul       		CODE           	7CAE	0000	851

C:\Program Files (x86)\Microchip\xc8\v2.05\pic\sources\c90\common\sprcmul.c estimated size: 851

C:\Program Files (x86)\Microchip\xc8\v2.05\pic\sources\c90\common\aldiv.c
		___aldiv       		CODE           	70CE	0000	205

C:\Program Files (x86)\Microchip\xc8\v2.05\pic\sources\c90\common\aldiv.c estimated size: 205

Tecnica1.c
		_TIMER1_INI    		CODE           	6CB8	0000	33
		_obtener_ADC10 		CODE           	6DD0	0000	71
		_TIMER0_INI    		CODE           	6C7E	0000	27

Tecnica1.c estimated size: 131

C:\Program Files (x86)\Microchip\xc8\v2.05\pic\sources\c90\common\sprcdiv.c
		___fldiv       		CODE           	7462	0000	649

C:\Program Files (x86)\Microchip\xc8\v2.05\pic\sources\c90\common\sprcdiv.c estimated size: 649

C:\Program Files (x86)\Microchip\xc8\v2.05\pic\sources\c90\common\xxtofl.c
		___xxtofl      		CODE           	719A	0000	321

C:\Program Files (x86)\Microchip\xc8\v2.05\pic\sources\c90\common\xxtofl.c estimated size: 321

lcd.c
		_write_DATA    		CODE           	2008	0000	15
		_char2LCD      		CODE           	6D5A	0000	59
		_msg2LCD       		CODE           	6E6C	0000	89
		_write_CMD     		CODE           	6C48	0000	15
		_LCD_init      		CODE           	72DA	0000	393
		_write_LCD     		CODE           	6C98	0000	33
		_set_CURSOR    		CODE           	6D94	0000	61
		_tic_LCD       		CODE           	6C56	0000	19

lcd.c estimated size: 684

main.c
		_myISR         		CODE           	0008	0000	57
		_main          		CODE           	6CD8	0000	37
		_descomposicion		CODE           	76EA	0000	697
		_readADC       		CODE           	6EC4	0000	165

main.c estimated size: 956

